// Jest Snapshot v1, https://goo.gl/fbAQLP

exports[`Pokedex home matches snapshot 1`] = `
<body>
  <div>
    <a
      data-testid="pokemon-card"
      href="/details//details/bulbasaur"
    >
      <div
        class="bg-slate-100 px-3 py-5 rounded"
      >
        <p>
          Bulbasaur
        </p>
      </div>
    </a>
  </div>
</body>
`;
