// Jest Snapshot v1, https://goo.gl/fbAQLP

exports[`Pokedex home matches snapshot 1`] = `
<body>
  <div>
    <div
      class="bg-slate-100 px-3 py-5 rounded"
    >
      <p>
        lalala
      </p>
    </div>
  </div>
</body>
`;
